{
    "somatic - bcf": {
        "content": [
            {
                "0": [
                    [
                        {
                            "id": "tumor_control",
                            "tumor_samples": [
                                "tumour"
                            ],
                            "control_samples": [
                                "normal"
                            ]
                        },
                        "tumor_control.filtered.bcf:md5,2409539492ce9815ad05363e5a80ca62"
                    ]
                ],
                "1": [
                    [
                        {
                            "id": "tumor_control",
                            "tumor_samples": [
                                "tumour"
                            ],
                            "control_samples": [
                                "normal"
                            ]
                        },
                        "tumor_control.filtered.bcf.csi:md5,66545c77fc791a02dadc7fc252d04635"
                    ]
                ],
                "2": [
                    "versions.yml:md5,f67ef5fd2fa49a82ccea58f0d3d5ad0f"
                ],
                "bcf": [
                    [
                        {
                            "id": "tumor_control",
                            "tumor_samples": [
                                "tumour"
                            ],
                            "control_samples": [
                                "normal"
                            ]
                        },
                        "tumor_control.filtered.bcf:md5,2409539492ce9815ad05363e5a80ca62"
                    ]
                ],
                "csi": [
                    [
                        {
                            "id": "tumor_control",
                            "tumor_samples": [
                                "tumour"
                            ],
                            "control_samples": [
                                "normal"
                            ]
                        },
                        "tumor_control.filtered.bcf.csi:md5,66545c77fc791a02dadc7fc252d04635"
                    ]
                ],
                "versions": [
                    "versions.yml:md5,f67ef5fd2fa49a82ccea58f0d3d5ad0f"
                ]
            }
        ],
        "meta": {
            "nf-test": "0.8.4",
            "nextflow": "23.10.1"
        },
        "timestamp": "2024-03-21T17:17:34.432098148"
    },
    "germline - stub": {
        "content": [
            {
                "0": [
                    [
                        {
                            "id": "test"
                        },
                        "test.filtered.bcf:md5,d41d8cd98f00b204e9800998ecf8427e"
                    ]
                ],
                "1": [
                    [
                        {
                            "id": "test"
                        },
                        "test.filtered.bcf.csi:md5,d41d8cd98f00b204e9800998ecf8427e"
                    ]
                ],
                "2": [
                    "versions.yml:md5,f45104c406e3750e1f09c3ead45a8829"
                ],
                "bcf": [
                    [
                        {
                            "id": "test"
                        },
                        "test.filtered.bcf:md5,d41d8cd98f00b204e9800998ecf8427e"
                    ]
                ],
                "csi": [
                    [
                        {
                            "id": "test"
                        },
                        "test.filtered.bcf.csi:md5,d41d8cd98f00b204e9800998ecf8427e"
                    ]
                ],
                "versions": [
                    "versions.yml:md5,f45104c406e3750e1f09c3ead45a8829"
                ]
            }
        ],
        "meta": {
            "nf-test": "0.8.4",
            "nextflow": "23.10.1"
        },
        "timestamp": "2024-03-21T17:17:18.241522976"
    },
    "germline - bcf": {
        "content": [
            {
                "0": [
                    [
                        {
                            "id": "control"
                        },
                        "control.filtered.bcf:md5,5d8edd5f86799b2c16b6ce76ef16ff9c"
                    ]
                ],
                "1": [
                    [
                        {
                            "id": "control"
                        },
                        "control.filtered.bcf.csi:md5,66545c77fc791a02dadc7fc252d04635"
                    ]
                ],
                "2": [
                    "versions.yml:md5,f45104c406e3750e1f09c3ead45a8829"
                ],
                "bcf": [
                    [
                        {
                            "id": "control"
                        },
                        "control.filtered.bcf:md5,5d8edd5f86799b2c16b6ce76ef16ff9c"
                    ]
                ],
                "csi": [
                    [
                        {
                            "id": "control"
                        },
                        "control.filtered.bcf.csi:md5,66545c77fc791a02dadc7fc252d04635"
                    ]
                ],
                "versions": [
                    "versions.yml:md5,f45104c406e3750e1f09c3ead45a8829"
                ]
            }
        ],
        "meta": {
            "nf-test": "0.8.4",
            "nextflow": "23.10.1"
        },
        "timestamp": "2024-03-21T17:17:06.385722493"
    }
}